{
    "game": {
      "id": "game-00fe20da-94ad-11ea-bb37",
      "map": "standard",
      "ruleset": {
        "name": "standard"
      }
    },
    "turn": 14,
    "board": {
      "height": 5,
      "width": 5,
      "food": [

      ],
      "hazards": [
        {"x": 2, "y": 0},
        {"x": 2, "y": 1},
        {"x": 2, "y": 3},
        {"x": 2, "y": 4},
        {"x": 2, "y": 5}
    ],
      "snakes": [
        {
          "id": "snake-508e96ac-94ad-11ea-bb37",
          "name": "My Snake",
          "health": 54,
          "length": 2,
          "body": [
              {"x": 2, "y": 2}
            ],
          "head": {"x": 2, "y": 2}
        }
      ]
    },
    "you": {
        "id": "snake-508e96ac-94ad-11ea-bb37",
        "name": "My Snake",
        "health": 54,
        "length": 2,
        "body": [
            {"x": 2, "y": 2}
            ],
        "head": {"x": 2, "y": 2}
    }
  }